// Jest Snapshot v1, https://goo.gl/fbAQLP

exports[`Signin page snapshot 1`] = `
<div
  className="sc-AxirZ cOqVN"
>
  <form
    className="sc-AxiKw gfDqWm form-signin"
  >
    <div
      className="text-center mb-4"
    >
      <h1
        className="h3 mb-3"
      >
        Sign In
      </h1>
      <p>
        Master Admin Kitchen Portal
      </p>
    </div>
    <div
      className="form-label-group"
    >
      <input
        autofocus={true}
        className="form-control"
        id="inputEmail"
        placeholder="Email address"
        required={true}
        type="email"
      />
      <label
        for="inputEmail"
      >
        Email address
      </label>
    </div>
    <div
      className="form-label-group"
    >
      <input
        className="form-control"
        id="inputPassword"
        placeholder="Password"
        required={true}
        type="password"
      />
      <label
        for="inputPassword"
      >
        Password
      </label>
    </div>
    <div
      className="checkbox mb-3"
    >
      <label>
        <input
          type="checkbox"
          value="remember-me"
        />
         Remember me
      </label>
    </div>
    <button
      className="sc-AxjAm jleUEH submit login-submit btn btn-primary"
      disabled={false}
      onClick={[Function]}
      type="submit"
    >
      Sign in
    </button>
  </form>
</div>
`;
